// Jest Snapshot v1, https://goo.gl/fbAQLP

exports[`Rubric Feedback component snapshot feedback value is invalid 1`] = `undefined`;

exports[`Rubric Feedback component snapshot is configure to disabled 1`] = `null`;

exports[`Rubric Feedback component snapshot is graded 1`] = `undefined`;

exports[`Rubric Feedback component snapshot is grading 1`] = `undefined`;
