// Jest Snapshot v1, https://goo.gl/fbAQLP

exports[`ReviewError component component snapshots cancel and confirm 1`] = `undefined`;

exports[`ReviewError component component snapshots cancel only 1`] = `undefined`;

exports[`ReviewError component component snapshots confirm only 1`] = `undefined`;

exports[`ReviewError component component snapshots no actions 1`] = `undefined`;
