// Jest Snapshot v1, https://goo.gl/fbAQLP

exports[`Header AuthenticatedUserDropdown UserMenu component snapshot 1`] = `
<Dropdown.Menu
  className="dropdown-menu-right"
>
  <Dropdown.Item
    href="<LMS_BASE_URL>/dashboard"
  >
    Dashboard
  </Dropdown.Item>
  <Dropdown.Item
    href="<LMS_BASE_URL>/u/test-username"
  >
    Profile
  </Dropdown.Item>
  <Dropdown.Item
    href="<LMS_BASE_URL>/account/settings"
  >
    Account
  </Dropdown.Item>
  <Dropdown.Item
    href="<LOGOUT_URL>"
  >
    Sign Out
  </Dropdown.Item>
</Dropdown.Menu>
`;
