// Jest Snapshot v1, https://goo.gl/fbAQLP

exports[`ResponseDisplay component snapshot file upload disable with valid response 1`] = `undefined`;

exports[`ResponseDisplay component snapshot file upload disabled without response 1`] = `
<div
  className="response-display"
>
  <SubmissionFiles
    data-testid="submission-files"
    files={Array []}
  />
  <PreviewDisplay
    data-testid="allow-file-upload"
    files={Array []}
  />
</div>
`;

exports[`ResponseDisplay component snapshot file upload enable with valid response 1`] = `undefined`;

exports[`ResponseDisplay component snapshot file upload enable without response 1`] = `
<div
  className="response-display"
>
  <SubmissionFiles
    data-testid="submission-files"
    files={Array []}
  />
  <PreviewDisplay
    data-testid="allow-file-upload"
    files={Array []}
  />
</div>
`;
