// Jest Snapshot v1, https://goo.gl/fbAQLP

exports[`PreviewDisplay component snapshot files does not exist 1`] = `
<Fragment>
  <FileCard
    key="/url-path/fake_file_0.pdf"
    name="fake_file_0.pdf"
  >
    <PDFRenderer
      fileName="fake_file_0.pdf"
      url="/url-path/fake_file_0.pdf"
    />
  </FileCard>
  <FileCard
    key="/url-path/fake_file_1.jpg"
    name="fake_file_1.jpg"
  >
    <ImageRenderer
      fileName="fake_file_1.jpg"
      url="/url-path/fake_file_1.jpg"
    />
  </FileCard>
  <FileCard
    key="/url-path/fake_file_2.jpeg"
    name="fake_file_2.jpeg"
  >
    <ImageRenderer
      fileName="fake_file_2.jpeg"
      url="/url-path/fake_file_2.jpeg"
    />
  </FileCard>
  <FileCard
    key="/url-path/fake_file_3.bmp"
    name="fake_file_3.bmp"
  >
    <ImageRenderer
      fileName="fake_file_3.bmp"
      url="/url-path/fake_file_3.bmp"
    />
  </FileCard>
  <FileCard
    key="/url-path/fake_file_4.png"
    name="fake_file_4.png"
  >
    <ImageRenderer
      fileName="fake_file_4.png"
      url="/url-path/fake_file_4.png"
    />
  </FileCard>
</Fragment>
`;

exports[`PreviewDisplay component snapshot files exited for props 1`] = `<React.Fragment />`;
