// Jest Snapshot v1, https://goo.gl/fbAQLP

exports[`PreviewDisplay component snapshot files does not exist 1`] = `
<div
  className="preview-display"
>
  <FileRenderer
    file={
      Object {
        "description": "file description 0",
        "downloadUrl": "/url-path/fake_file_0.pdf",
        "name": "fake_file_0.pdf",
      }
    }
    key="fake_file_0.pdf"
  />
  <FileRenderer
    file={
      Object {
        "description": "file description 1",
        "downloadUrl": "/url-path/fake_file_1.jpg",
        "name": "fake_file_1.jpg",
      }
    }
    key="fake_file_1.jpg"
  />
  <FileRenderer
    file={
      Object {
        "description": "file description 2",
        "downloadUrl": "/url-path/fake_file_2.jpeg",
        "name": "fake_file_2.jpeg",
      }
    }
    key="fake_file_2.jpeg"
  />
  <FileRenderer
    file={
      Object {
        "description": "file description 3",
        "downloadUrl": "/url-path/fake_file_3.bmp",
        "name": "fake_file_3.bmp",
      }
    }
    key="fake_file_3.bmp"
  />
  <FileRenderer
    file={
      Object {
        "description": "file description 4",
        "downloadUrl": "/url-path/fake_file_4.png",
        "name": "fake_file_4.png",
      }
    }
    key="fake_file_4.png"
  />
  <FileRenderer
    file={
      Object {
        "description": "file description 5",
        "downloadUrl": "/url-path/fake_file_5.txt",
        "name": "fake_file_5.txt",
      }
    }
    key="fake_file_5.txt"
  />
</div>
`;

exports[`PreviewDisplay component snapshot files exited for props 1`] = `
<div
  className="preview-display"
/>
`;
