// Jest Snapshot v1, https://goo.gl/fbAQLP

exports[`SubmissionFiles component snapshot files does not exist 1`] = `
<Card
  className="submission-files"
>
  <div
    className="submission-files-title no-submissions"
  >
    <h3>
      Submission Files (0)
    </h3>
  </div>
</Card>
`;

exports[`SubmissionFiles component snapshot files exited for props 1`] = `
<Card
  className="submission-files"
>
  <Collapsible.Advanced
    defaultOpen={true}
  >
    <Collapsible.Trigger
      className="submission-files-title"
    >
      <h3>
        Submission Files (2)
      </h3>
      <Collapsible.Visible
        whenClosed={true}
      >
        <Icon
          src={[MockFunction Icons.ArrowDropDown]}
        />
      </Collapsible.Visible>
      <Collapsible.Visible
        whenOpen={true}
      >
        <Icon
          src={[MockFunction Icons.ArrowDropUp]}
        />
      </Collapsible.Visible>
    </Collapsible.Trigger>
    <Collapsible.Body
      className="submission-files-body"
    >
      <DataTable
        columns={
          Array [
            Object {
              "Cell": [MockFunction HeaderEllipsesCell],
              "Header": "Name",
              "accessor": "name",
            },
            Object {
              "Cell": [MockFunction HeaderFileExtensionCell],
              "Header": "File Extension",
              "accessor": "name",
              "id": "extension",
            },
            Object {
              "Cell": [MockFunction HeaderInfoPopoverCell],
              "Header": "Popover",
              "accessor": "",
            },
          ]
        }
        data={
          Array [
            Object {
              "description": "description for the file",
              "downloadUrl": "/valid-url-wink-wink",
              "name": "some file name.jpg",
            },
            Object {
              "description": "description for this file",
              "downloadUrl": "/url-2",
              "name": "file number 2.jpg",
            },
          ]
        }
        itemCount={2}
      >
        <DataTable.Table />
      </DataTable>
    </Collapsible.Body>
  </Collapsible.Advanced>
</Card>
`;
