// Jest Snapshot v1, https://goo.gl/fbAQLP

exports[`SubmissionFiles component snapshot files does not exist 1`] = `
<Card
  className="submission-files"
>
  <div
    className="submission-files-title no-submissions"
  >
    <h3>
      Submission Files (0)
    </h3>
  </div>
</Card>
`;

exports[`SubmissionFiles component snapshot files existed for props 1`] = `undefined`;

exports[`SubmissionFiles component snapshot files size exceed 1`] = `undefined`;
