// Jest Snapshot v1, https://goo.gl/fbAQLP

exports[`Error Banner component snapshot 1`] = `
<Alert
  actions={
    Array [
      <Button
        onClick={[MockFunction test 1 on click]}
        variant="outline-primary"
      >
        <FormattedMessage
          defaultMessage="Retry"
          description="Try to refetch the file"
          id="ora-grading.ResponseDisplay.FileRenderer.retryButton"
        />
      </Button>,
      <Button
        onClick={[MockFunction test 2 on click]}
        variant="outline-primary"
      >
        <FormattedMessage
          defaultMessage="Retry"
          description="Try to refetch the file"
          id="ora-grading.ResponseDisplay.FileRenderer.retryButton"
        />
      </Button>,
    ]
  }
  variant="danger"
>
  <Alert.Heading>
    <FormattedMessage
      defaultMessage="Unknown errors"
      description="Unknown errors"
      id="ora-grading.ResponseDisplay.FileRenderer.unknownError"
    />
  </Alert.Heading>
  <p>
    Abitary Child
  </p>
</Alert>
`;
