// Jest Snapshot v1, https://goo.gl/fbAQLP

exports[`ListViewBreadcrumb component component snapshot: empty (no list data) 1`] = `
<Fragment>
  <Hyperlink
    className="py-4"
    destination="openResponseUrl(test-course-id)"
  >
    <Icon
      className="d-inline-block mr-3 breadcrumb-arrow"
      src={[MockFunction icons.ArrowBack]}
    />
    <FormattedMessage
      defaultMessage="Back to all open responses"
      description="Breadcrumbs link text to return to ORA list in LMS"
      id="ora-grading.ListView.ListViewBreadcrumbs.backToResponses"
    />
  </Hyperlink>
  <p
    className="py-4"
  >
    <span
      className="h3"
    >
      fake-ora-name
    </span>
    <Hyperlink
      className="align-middle"
      destination="oraUrl(test-course-id, fake-location-id)"
    >
      <Icon
        className="d-inline-block"
        src={[MockFunction icons.Launch]}
      />
    </Hyperlink>
  </p>
</Fragment>
`;
