// Jest Snapshot v1, https://goo.gl/fbAQLP

exports[`SubmissionsTable component component render tests snapshots snapshot: empty (no list data) 1`] = `null`;

exports[`SubmissionsTable component component render tests snapshots snapshot: happy path 1`] = `undefined`;

exports[`SubmissionsTable component component render tests snapshots snapshot: team happy path 1`] = `undefined`;
