// Jest Snapshot v1, https://goo.gl/fbAQLP

exports[`Criterion Container snapshot is graded and is not grading 1`] = `undefined`;

exports[`Criterion Container snapshot is ungraded and is grading 1`] = `undefined`;

exports[`Criterion Container snapshot is ungraded and is not grading 1`] = `undefined`;
