// Jest Snapshot v1, https://goo.gl/fbAQLP

exports[`SubmitErrors component snapshots snapshot: no failure 1`] = `""`;

exports[`SubmitErrors component snapshots snapshot: with valid error, loads from hook 1`] = `
<ReviewError
  actions={
    Object {
      "cancel": "hooks.reviewActions.cancel",
      "confirm": "hooks.reviewActions.confirm",
    }
  }
  headingMessage="hooks.headingMessage"
>
  hooks.content
</ReviewError>
`;
